0 verbose cli C:\Program Files\nodejs\node.exe C:\Program Files\nodejs\node_modules\npm\bin\npm-cli.js
1 info using npm@10.9.2
2 info using node@v22.15.0
3 silly config load:file:C:\Program Files\nodejs\node_modules\npm\npmrc
4 silly config load:file:C:\Users\User\Documents\SoftwareDeployment\pearler_beads\.npmrc
5 silly config load:file:C:\Users\User\.npmrc
6 silly config load:file:C:\Users\User\AppData\Roaming\npm\etc\npmrc
7 verbose config error loading global config Error: EPERM: operation not permitted, open 'C:\Users\User\AppData\Roaming\npm\etc\npmrc'
7 verbose config     at async open (node:internal/fs/promises:633:25)
7 verbose config     at async readFile (node:internal/fs/promises:1237:14)
7 verbose config     at async #loadFile (C:\Program Files\nodejs\node_modules\npm\node_modules\@npmcli\config\lib\index.js:589:5)
7 verbose config     at async Config.load (C:\Program Files\nodejs\node_modules\npm\node_modules\@npmcli\config\lib\index.js:253:5)
7 verbose config     at async #load (C:\Program Files\nodejs\node_modules\npm\lib\npm.js:98:5)
7 verbose config     at async Npm.load (C:\Program Files\nodejs\node_modules\npm\lib\npm.js:80:14)
7 verbose config     at async module.exports (C:\Program Files\nodejs\node_modules\npm\lib\cli\entry.js:42:37) {
7 verbose config   errno: -4048,
7 verbose config   code: 'EPERM',
7 verbose config   syscall: 'open',
7 verbose config   path: 'C:\\Users\\User\\AppData\\Roaming\\npm\\etc\\npmrc'
7 verbose config }
8 verbose title npm install
9 verbose argv "install" "--cache" ".npm-cache"
10 verbose logfile logs-max:10 dir:C:\Users\User\Documents\SoftwareDeployment\pearler_beads\.npm-cache\_logs\2026-04-13T08_25_32_389Z-
11 verbose logfile C:\Users\User\Documents\SoftwareDeployment\pearler_beads\.npm-cache\_logs\2026-04-13T08_25_32_389Z-debug-0.log
12 silly logfile done cleaning log files
13 silly packumentCache heap:4345298944 maxSize:1086324736 maxEntrySize:543162368
14 silly idealTree buildDeps
15 silly fetch manifest vue-router@^4.5.1
16 silly packumentCache full:https://registry.npmjs.org/vue-router cache-miss
17 http fetch GET 200 https://registry.npmjs.org/npm 422ms
18 http fetch GET 200 https://registry.npmjs.org/vue-router 418ms (cache miss)
19 silly packumentCache full:https://registry.npmjs.org/vue-router set size:undefined disposed:false
20 silly fetch manifest vue@^3.5.13
21 silly packumentCache full:https://registry.npmjs.org/vue cache-miss
22 http fetch GET 200 https://registry.npmjs.org/vue 156ms (cache miss)
23 silly packumentCache full:https://registry.npmjs.org/vue set size:undefined disposed:false
24 silly fetch manifest typescript@*
25 silly packumentCache full:https://registry.npmjs.org/typescript cache-miss
26 http fetch GET 200 https://registry.npmjs.org/typescript 475ms (cache miss)
27 silly packumentCache full:https://registry.npmjs.org/typescript set size:undefined disposed:false
28 silly placeDep ROOT vue-router@4.6.4 OK for: pearler-beads@1.0.0 want: ^4.5.1
29 silly fetch manifest @vue/devtools-api@^6.6.4
30 silly packumentCache full:https://registry.npmjs.org/@vue%2fdevtools-api cache-miss
31 http fetch GET 200 https://registry.npmjs.org/@vue%2fdevtools-api 612ms (cache miss)
32 silly packumentCache full:https://registry.npmjs.org/@vue%2fdevtools-api set size:undefined disposed:false
33 silly placeDep ROOT @vue/devtools-api@6.6.4 OK for: vue-router@4.6.4 want: ^6.6.4
34 silly reify moves {}
35 verbose reify failed optional dependency C:\Users\User\Documents\SoftwareDeployment\pearler_beads\node_modules\@tailwindcss\oxide-wasm32-wasi
36 silly reify mark deleted [
36 silly reify   'C:\\Users\\User\\Documents\\SoftwareDeployment\\pearler_beads\\node_modules\\@tailwindcss\\oxide-wasm32-wasi'
36 silly reify ]
37 silly audit bulk request {
37 silly audit   '@babel/helper-string-parser': [ '7.27.1' ],
37 silly audit   '@babel/helper-validator-identifier': [ '7.28.5' ],
37 silly audit   '@babel/parser': [ '7.29.2' ],
37 silly audit   '@babel/types': [ '7.29.0' ],
37 silly audit   '@esbuild/aix-ppc64': [ '0.25.12' ],
37 silly audit   '@esbuild/android-arm': [ '0.25.12' ],
37 silly audit   '@esbuild/android-arm64': [ '0.25.12' ],
37 silly audit   '@esbuild/android-x64': [ '0.25.12' ],
37 silly audit   '@esbuild/darwin-arm64': [ '0.25.12' ],
37 silly audit   '@esbuild/darwin-x64': [ '0.25.12' ],
37 silly audit   '@esbuild/freebsd-arm64': [ '0.25.12' ],
37 silly audit   '@esbuild/freebsd-x64': [ '0.25.12' ],
37 silly audit   '@esbuild/linux-arm': [ '0.25.12' ],
37 silly audit   '@esbuild/linux-arm64': [ '0.25.12' ],
37 silly audit   '@esbuild/linux-ia32': [ '0.25.12' ],
37 silly audit   '@esbuild/linux-loong64': [ '0.25.12' ],
37 silly audit   '@esbuild/linux-mips64el': [ '0.25.12' ],
37 silly audit   '@esbuild/linux-ppc64': [ '0.25.12' ],
37 silly audit   '@esbuild/linux-riscv64': [ '0.25.12' ],
37 silly audit   '@esbuild/linux-s390x': [ '0.25.12' ],
37 silly audit   '@esbuild/linux-x64': [ '0.25.12' ],
37 silly audit   '@esbuild/netbsd-arm64': [ '0.25.12' ],
37 silly audit   '@esbuild/netbsd-x64': [ '0.25.12' ],
37 silly audit   '@esbuild/openbsd-arm64': [ '0.25.12' ],
37 silly audit   '@esbuild/openbsd-x64': [ '0.25.12' ],
37 silly audit   '@esbuild/openharmony-arm64': [ '0.25.12' ],
37 silly audit   '@esbuild/sunos-x64': [ '0.25.12' ],
37 silly audit   '@esbuild/win32-arm64': [ '0.25.12' ],
37 silly audit   '@esbuild/win32-ia32': [ '0.25.12' ],
37 silly audit   '@esbuild/win32-x64': [ '0.25.12' ],
37 silly audit   '@jridgewell/gen-mapping': [ '0.3.13' ],
37 silly audit   '@jridgewell/remapping': [ '2.3.5' ],
37 silly audit   '@jridgewell/resolve-uri': [ '3.1.2' ],
37 silly audit   '@jridgewell/sourcemap-codec': [ '1.5.5' ],
37 silly audit   '@jridgewell/trace-mapping': [ '0.3.31' ],
37 silly audit   '@popperjs/core': [ '2.11.8' ],
37 silly audit   '@rollup/rollup-android-arm-eabi': [ '4.60.1' ],
37 silly audit   '@rollup/rollup-android-arm64': [ '4.60.1' ],
37 silly audit   '@rollup/rollup-darwin-arm64': [ '4.60.1' ],
37 silly audit   '@rollup/rollup-darwin-x64': [ '4.60.1' ],
37 silly audit   '@rollup/rollup-freebsd-arm64': [ '4.60.1' ],
37 silly audit   '@rollup/rollup-freebsd-x64': [ '4.60.1' ],
37 silly audit   '@rollup/rollup-linux-arm-gnueabihf': [ '4.60.1' ],
37 silly audit   '@rollup/rollup-linux-arm-musleabihf': [ '4.60.1' ],
37 silly audit   '@rollup/rollup-linux-arm64-gnu': [ '4.60.1' ],
37 silly audit   '@rollup/rollup-linux-arm64-musl': [ '4.60.1' ],
37 silly audit   '@rollup/rollup-linux-loong64-gnu': [ '4.60.1' ],
37 silly audit   '@rollup/rollup-linux-loong64-musl': [ '4.60.1' ],
37 silly audit   '@rollup/rollup-linux-ppc64-gnu': [ '4.60.1' ],
37 silly audit   '@rollup/rollup-linux-ppc64-musl': [ '4.60.1' ],
37 silly audit   '@rollup/rollup-linux-riscv64-gnu': [ '4.60.1' ],
37 silly audit   '@rollup/rollup-linux-riscv64-musl': [ '4.60.1' ],
37 silly audit   '@rollup/rollup-linux-s390x-gnu': [ '4.60.1' ],
37 silly audit   '@rollup/rollup-linux-x64-gnu': [ '4.60.1' ],
37 silly audit   '@rollup/rollup-linux-x64-musl': [ '4.60.1' ],
37 silly audit   '@rollup/rollup-openbsd-x64': [ '4.60.1' ],
37 silly audit   '@rollup/rollup-openharmony-arm64': [ '4.60.1' ],
37 silly audit   '@rollup/rollup-win32-arm64-msvc': [ '4.60.1' ],
37 silly audit   '@rollup/rollup-win32-ia32-msvc': [ '4.60.1' ],
37 silly audit   '@rollup/rollup-win32-x64-gnu': [ '4.60.1' ],
37 silly audit   '@rollup/rollup-win32-x64-msvc': [ '4.60.1' ],
37 silly audit   '@tailwindcss/node': [ '4.2.2' ],
37 silly audit   '@tailwindcss/oxide': [ '4.2.2' ],
37 silly audit   '@tailwindcss/oxide-android-arm64': [ '4.2.2' ],
37 silly audit   '@tailwindcss/oxide-darwin-arm64': [ '4.2.2' ],
37 silly audit   '@tailwindcss/oxide-darwin-x64': [ '4.2.2' ],
37 silly audit   '@tailwindcss/oxide-freebsd-x64': [ '4.2.2' ],
37 silly audit   '@tailwindcss/oxide-linux-arm-gnueabihf': [ '4.2.2' ],
37 silly audit   '@tailwindcss/oxide-linux-arm64-gnu': [ '4.2.2' ],
37 silly audit   '@tailwindcss/oxide-linux-arm64-musl': [ '4.2.2' ],
37 silly audit   '@tailwindcss/oxide-linux-x64-gnu': [ '4.2.2' ],
37 silly audit   '@tailwindcss/oxide-linux-x64-musl': [ '4.2.2' ],
37 silly audit   '@tailwindcss/oxide-win32-arm64-msvc': [ '4.2.2' ],
37 silly audit   '@tailwindcss/oxide-win32-x64-msvc': [ '4.2.2' ],
37 silly audit   '@tailwindcss/vite': [ '4.2.2' ],
37 silly audit   '@types/estree': [ '1.0.8' ],
37 silly audit   '@vitejs/plugin-vue': [ '5.2.4' ],
37 silly audit   '@vue/compiler-core': [ '3.5.32' ],
37 silly audit   '@vue/compiler-dom': [ '3.5.32' ],
37 silly audit   '@vue/compiler-sfc': [ '3.5.32' ],
37 silly audit   '@vue/compiler-ssr': [ '3.5.32' ],
37 silly audit   '@vue/reactivity': [ '3.5.32' ],
37 silly audit   '@vue/runtime-core': [ '3.5.32' ],
37 silly audit   '@vue/runtime-dom': [ '3.5.32' ],
37 silly audit   '@vue/server-renderer': [ '3.5.32' ],
37 silly audit   '@vue/shared': [ '3.5.32' ],
37 silly audit   bootstrap: [ '5.3.8' ],
37 silly audit   csstype: [ '3.2.3' ],
37 silly audit   'detect-libc': [ '2.1.2' ],
37 silly audit   'enhanced-resolve': [ '5.20.1' ],
37 silly audit   entities: [ '7.0.1' ],
37 silly audit   esbuild: [ '0.25.12' ],
37 silly audit   'estree-walker': [ '2.0.2' ],
37 silly audit   fdir: [ '6.5.0' ],
37 silly audit   fsevents: [ '2.3.3' ],
37 silly audit   'graceful-fs': [ '4.2.11' ],
37 silly audit   jiti: [ '2.6.1' ],
37 silly audit   lightningcss: [ '1.32.0' ],
37 silly audit   'lightningcss-android-arm64': [ '1.32.0' ],
37 silly audit   'lightningcss-darwin-arm64': [ '1.32.0' ],
37 silly audit   'lightningcss-darwin-x64': [ '1.32.0' ],
37 silly audit   'lightningcss-freebsd-x64': [ '1.32.0' ],
37 silly audit   'lightningcss-linux-arm-gnueabihf': [ '1.32.0' ],
37 silly audit   'lightningcss-linux-arm64-gnu': [ '1.32.0' ],
37 silly audit   'lightningcss-linux-arm64-musl': [ '1.32.0' ],
37 silly audit   'lightningcss-linux-x64-gnu': [ '1.32.0' ],
37 silly audit   'lightningcss-linux-x64-musl': [ '1.32.0' ],
37 silly audit   'lightningcss-win32-arm64-msvc': [ '1.32.0' ],
37 silly audit   'lightningcss-win32-x64-msvc': [ '1.32.0' ],
37 silly audit   'magic-string': [ '0.30.21' ],
37 silly audit   nanoid: [ '3.3.11' ],
37 silly audit   picocolors: [ '1.1.1' ],
37 silly audit   picomatch: [ '4.0.4' ],
37 silly audit   postcss: [ '8.5.9' ],
37 silly audit   rollup: [ '4.60.1' ],
37 silly audit   'source-map-js': [ '1.2.1' ],
37 silly audit   tailwindcss: [ '4.2.2' ],
37 silly audit   tapable: [ '2.3.2' ],
37 silly audit   tinyglobby: [ '0.2.16' ],
37 silly audit   vite: [ '6.4.2' ],
37 silly audit   vue: [ '3.5.32' ],
37 silly audit   'vue-router': [ '4.6.4' ],
37 silly audit   '@vue/devtools-api': [ '6.6.4' ],
37 silly audit   '@tailwindcss/oxide-wasm32-wasi': [ '4.2.2' ]
37 silly audit }
38 verbose reify failed optional dependency C:\Users\User\Documents\SoftwareDeployment\pearler_beads\node_modules\lightningcss-win32-arm64-msvc
39 silly reify mark deleted [
39 silly reify   'C:\\Users\\User\\Documents\\SoftwareDeployment\\pearler_beads\\node_modules\\lightningcss-win32-arm64-msvc'
39 silly reify ]
40 verbose reify failed optional dependency C:\Users\User\Documents\SoftwareDeployment\pearler_beads\node_modules\lightningcss-linux-x64-musl
41 silly reify mark deleted [
41 silly reify   'C:\\Users\\User\\Documents\\SoftwareDeployment\\pearler_beads\\node_modules\\lightningcss-linux-x64-musl'
41 silly reify ]
42 verbose reify failed optional dependency C:\Users\User\Documents\SoftwareDeployment\pearler_beads\node_modules\lightningcss-linux-x64-gnu
43 silly reify mark deleted [
43 silly reify   'C:\\Users\\User\\Documents\\SoftwareDeployment\\pearler_beads\\node_modules\\lightningcss-linux-x64-gnu'
43 silly reify ]
44 verbose reify failed optional dependency C:\Users\User\Documents\SoftwareDeployment\pearler_beads\node_modules\lightningcss-linux-arm64-musl
45 silly reify mark deleted [
45 silly reify   'C:\\Users\\User\\Documents\\SoftwareDeployment\\pearler_beads\\node_modules\\lightningcss-linux-arm64-musl'
45 silly reify ]
46 verbose reify failed optional dependency C:\Users\User\Documents\SoftwareDeployment\pearler_beads\node_modules\lightningcss-linux-arm64-gnu
47 silly reify mark deleted [
47 silly reify   'C:\\Users\\User\\Documents\\SoftwareDeployment\\pearler_beads\\node_modules\\lightningcss-linux-arm64-gnu'
47 silly reify ]
48 verbose reify failed optional dependency C:\Users\User\Documents\SoftwareDeployment\pearler_beads\node_modules\lightningcss-linux-arm-gnueabihf
49 silly reify mark deleted [
49 silly reify   'C:\\Users\\User\\Documents\\SoftwareDeployment\\pearler_beads\\node_modules\\lightningcss-linux-arm-gnueabihf'
49 silly reify ]
50 verbose reify failed optional dependency C:\Users\User\Documents\SoftwareDeployment\pearler_beads\node_modules\lightningcss-freebsd-x64
51 silly reify mark deleted [
51 silly reify   'C:\\Users\\User\\Documents\\SoftwareDeployment\\pearler_beads\\node_modules\\lightningcss-freebsd-x64'
51 silly reify ]
52 verbose reify failed optional dependency C:\Users\User\Documents\SoftwareDeployment\pearler_beads\node_modules\lightningcss-darwin-x64
53 silly reify mark deleted [
53 silly reify   'C:\\Users\\User\\Documents\\SoftwareDeployment\\pearler_beads\\node_modules\\lightningcss-darwin-x64'
53 silly reify ]
54 verbose reify failed optional dependency C:\Users\User\Documents\SoftwareDeployment\pearler_beads\node_modules\lightningcss-darwin-arm64
55 silly reify mark deleted [
55 silly reify   'C:\\Users\\User\\Documents\\SoftwareDeployment\\pearler_beads\\node_modules\\lightningcss-darwin-arm64'
55 silly reify ]
56 verbose reify failed optional dependency C:\Users\User\Documents\SoftwareDeployment\pearler_beads\node_modules\lightningcss-android-arm64
57 silly reify mark deleted [
57 silly reify   'C:\\Users\\User\\Documents\\SoftwareDeployment\\pearler_beads\\node_modules\\lightningcss-android-arm64'
57 silly reify ]
58 verbose reify failed optional dependency C:\Users\User\Documents\SoftwareDeployment\pearler_beads\node_modules\fsevents
59 silly reify mark deleted [
59 silly reify   'C:\\Users\\User\\Documents\\SoftwareDeployment\\pearler_beads\\node_modules\\fsevents'
59 silly reify ]
60 verbose reify failed optional dependency C:\Users\User\Documents\SoftwareDeployment\pearler_beads\node_modules\@tailwindcss\oxide-win32-arm64-msvc
61 silly reify mark deleted [
61 silly reify   'C:\\Users\\User\\Documents\\SoftwareDeployment\\pearler_beads\\node_modules\\@tailwindcss\\oxide-win32-arm64-msvc'
61 silly reify ]
62 verbose reify failed optional dependency C:\Users\User\Documents\SoftwareDeployment\pearler_beads\node_modules\@tailwindcss\oxide-linux-x64-musl
63 silly reify mark deleted [
63 silly reify   'C:\\Users\\User\\Documents\\SoftwareDeployment\\pearler_beads\\node_modules\\@tailwindcss\\oxide-linux-x64-musl'
63 silly reify ]
64 verbose reify failed optional dependency C:\Users\User\Documents\SoftwareDeployment\pearler_beads\node_modules\@tailwindcss\oxide-linux-x64-gnu
65 silly reify mark deleted [
65 silly reify   'C:\\Users\\User\\Documents\\SoftwareDeployment\\pearler_beads\\node_modules\\@tailwindcss\\oxide-linux-x64-gnu'
65 silly reify ]
66 verbose reify failed optional dependency C:\Users\User\Documents\SoftwareDeployment\pearler_beads\node_modules\@tailwindcss\oxide-linux-arm64-musl
67 silly reify mark deleted [
67 silly reify   'C:\\Users\\User\\Documents\\SoftwareDeployment\\pearler_beads\\node_modules\\@tailwindcss\\oxide-linux-arm64-musl'
67 silly reify ]
68 verbose reify failed optional dependency C:\Users\User\Documents\SoftwareDeployment\pearler_beads\node_modules\@tailwindcss\oxide-linux-arm64-gnu
69 silly reify mark deleted [
69 silly reify   'C:\\Users\\User\\Documents\\SoftwareDeployment\\pearler_beads\\node_modules\\@tailwindcss\\oxide-linux-arm64-gnu'
69 silly reify ]
70 verbose reify failed optional dependency C:\Users\User\Documents\SoftwareDeployment\pearler_beads\node_modules\@tailwindcss\oxide-linux-arm-gnueabihf
71 silly reify mark deleted [
71 silly reify   'C:\\Users\\User\\Documents\\SoftwareDeployment\\pearler_beads\\node_modules\\@tailwindcss\\oxide-linux-arm-gnueabihf'
71 silly reify ]
72 verbose reify failed optional dependency C:\Users\User\Documents\SoftwareDeployment\pearler_beads\node_modules\@tailwindcss\oxide-freebsd-x64
73 silly reify mark deleted [
73 silly reify   'C:\\Users\\User\\Documents\\SoftwareDeployment\\pearler_beads\\node_modules\\@tailwindcss\\oxide-freebsd-x64'
73 silly reify ]
74 verbose reify failed optional dependency C:\Users\User\Documents\SoftwareDeployment\pearler_beads\node_modules\@tailwindcss\oxide-darwin-x64
75 silly reify mark deleted [
75 silly reify   'C:\\Users\\User\\Documents\\SoftwareDeployment\\pearler_beads\\node_modules\\@tailwindcss\\oxide-darwin-x64'
75 silly reify ]
76 verbose reify failed optional dependency C:\Users\User\Documents\SoftwareDeployment\pearler_beads\node_modules\@tailwindcss\oxide-darwin-arm64
77 silly reify mark deleted [
77 silly reify   'C:\\Users\\User\\Documents\\SoftwareDeployment\\pearler_beads\\node_modules\\@tailwindcss\\oxide-darwin-arm64'
77 silly reify ]
78 verbose reify failed optional dependency C:\Users\User\Documents\SoftwareDeployment\pearler_beads\node_modules\@tailwindcss\oxide-android-arm64
79 silly reify mark deleted [
79 silly reify   'C:\\Users\\User\\Documents\\SoftwareDeployment\\pearler_beads\\node_modules\\@tailwindcss\\oxide-android-arm64'
79 silly reify ]
80 verbose reify failed optional dependency C:\Users\User\Documents\SoftwareDeployment\pearler_beads\node_modules\@rollup\rollup-win32-ia32-msvc
81 silly reify mark deleted [
81 silly reify   'C:\\Users\\User\\Documents\\SoftwareDeployment\\pearler_beads\\node_modules\\@rollup\\rollup-win32-ia32-msvc'
81 silly reify ]
82 verbose reify failed optional dependency C:\Users\User\Documents\SoftwareDeployment\pearler_beads\node_modules\@rollup\rollup-win32-arm64-msvc
83 silly reify mark deleted [
83 silly reify   'C:\\Users\\User\\Documents\\SoftwareDeployment\\pearler_beads\\node_modules\\@rollup\\rollup-win32-arm64-msvc'
83 silly reify ]
84 verbose reify failed optional dependency C:\Users\User\Documents\SoftwareDeployment\pearler_beads\node_modules\@rollup\rollup-openharmony-arm64
85 silly reify mark deleted [
85 silly reify   'C:\\Users\\User\\Documents\\SoftwareDeployment\\pearler_beads\\node_modules\\@rollup\\rollup-openharmony-arm64'
85 silly reify ]
86 verbose reify failed optional dependency C:\Users\User\Documents\SoftwareDeployment\pearler_beads\node_modules\@rollup\rollup-openbsd-x64
87 silly reify mark deleted [
87 silly reify   'C:\\Users\\User\\Documents\\SoftwareDeployment\\pearler_beads\\node_modules\\@rollup\\rollup-openbsd-x64'
87 silly reify ]
88 verbose reify failed optional dependency C:\Users\User\Documents\SoftwareDeployment\pearler_beads\node_modules\@rollup\rollup-linux-x64-musl
89 silly reify mark deleted [
89 silly reify   'C:\\Users\\User\\Documents\\SoftwareDeployment\\pearler_beads\\node_modules\\@rollup\\rollup-linux-x64-musl'
89 silly reify ]
90 verbose reify failed optional dependency C:\Users\User\Documents\SoftwareDeployment\pearler_beads\node_modules\@rollup\rollup-linux-x64-gnu
91 silly reify mark deleted [
91 silly reify   'C:\\Users\\User\\Documents\\SoftwareDeployment\\pearler_beads\\node_modules\\@rollup\\rollup-linux-x64-gnu'
91 silly reify ]
92 verbose reify failed optional dependency C:\Users\User\Documents\SoftwareDeployment\pearler_beads\node_modules\@rollup\rollup-linux-s390x-gnu
93 silly reify mark deleted [
93 silly reify   'C:\\Users\\User\\Documents\\SoftwareDeployment\\pearler_beads\\node_modules\\@rollup\\rollup-linux-s390x-gnu'
93 silly reify ]
94 verbose reify failed optional dependency C:\Users\User\Documents\SoftwareDeployment\pearler_beads\node_modules\@rollup\rollup-linux-riscv64-musl
95 silly reify mark deleted [
95 silly reify   'C:\\Users\\User\\Documents\\SoftwareDeployment\\pearler_beads\\node_modules\\@rollup\\rollup-linux-riscv64-musl'
95 silly reify ]
96 verbose reify failed optional dependency C:\Users\User\Documents\SoftwareDeployment\pearler_beads\node_modules\@rollup\rollup-linux-riscv64-gnu
97 silly reify mark deleted [
97 silly reify   'C:\\Users\\User\\Documents\\SoftwareDeployment\\pearler_beads\\node_modules\\@rollup\\rollup-linux-riscv64-gnu'
97 silly reify ]
98 verbose reify failed optional dependency C:\Users\User\Documents\SoftwareDeployment\pearler_beads\node_modules\@rollup\rollup-linux-ppc64-musl
99 silly reify mark deleted [
99 silly reify   'C:\\Users\\User\\Documents\\SoftwareDeployment\\pearler_beads\\node_modules\\@rollup\\rollup-linux-ppc64-musl'
99 silly reify ]
100 verbose reify failed optional dependency C:\Users\User\Documents\SoftwareDeployment\pearler_beads\node_modules\@rollup\rollup-linux-ppc64-gnu
101 silly reify mark deleted [
101 silly reify   'C:\\Users\\User\\Documents\\SoftwareDeployment\\pearler_beads\\node_modules\\@rollup\\rollup-linux-ppc64-gnu'
101 silly reify ]
102 verbose reify failed optional dependency C:\Users\User\Documents\SoftwareDeployment\pearler_beads\node_modules\@rollup\rollup-linux-loong64-musl
103 silly reify mark deleted [
103 silly reify   'C:\\Users\\User\\Documents\\SoftwareDeployment\\pearler_beads\\node_modules\\@rollup\\rollup-linux-loong64-musl'
103 silly reify ]
104 verbose reify failed optional dependency C:\Users\User\Documents\SoftwareDeployment\pearler_beads\node_modules\@rollup\rollup-linux-loong64-gnu
105 silly reify mark deleted [
105 silly reify   'C:\\Users\\User\\Documents\\SoftwareDeployment\\pearler_beads\\node_modules\\@rollup\\rollup-linux-loong64-gnu'
105 silly reify ]
106 verbose reify failed optional dependency C:\Users\User\Documents\SoftwareDeployment\pearler_beads\node_modules\@rollup\rollup-linux-arm64-musl
107 silly reify mark deleted [
107 silly reify   'C:\\Users\\User\\Documents\\SoftwareDeployment\\pearler_beads\\node_modules\\@rollup\\rollup-linux-arm64-musl'
107 silly reify ]
108 verbose reify failed optional dependency C:\Users\User\Documents\SoftwareDeployment\pearler_beads\node_modules\@rollup\rollup-linux-arm64-gnu
109 silly reify mark deleted [
109 silly reify   'C:\\Users\\User\\Documents\\SoftwareDeployment\\pearler_beads\\node_modules\\@rollup\\rollup-linux-arm64-gnu'
109 silly reify ]
110 verbose reify failed optional dependency C:\Users\User\Documents\SoftwareDeployment\pearler_beads\node_modules\@rollup\rollup-linux-arm-musleabihf
111 silly reify mark deleted [
111 silly reify   'C:\\Users\\User\\Documents\\SoftwareDeployment\\pearler_beads\\node_modules\\@rollup\\rollup-linux-arm-musleabihf'
111 silly reify ]
112 verbose reify failed optional dependency C:\Users\User\Documents\SoftwareDeployment\pearler_beads\node_modules\@rollup\rollup-linux-arm-gnueabihf
113 silly reify mark deleted [
113 silly reify   'C:\\Users\\User\\Documents\\SoftwareDeployment\\pearler_beads\\node_modules\\@rollup\\rollup-linux-arm-gnueabihf'
113 silly reify ]
114 verbose reify failed optional dependency C:\Users\User\Documents\SoftwareDeployment\pearler_beads\node_modules\@rollup\rollup-freebsd-x64
115 silly reify mark deleted [
115 silly reify   'C:\\Users\\User\\Documents\\SoftwareDeployment\\pearler_beads\\node_modules\\@rollup\\rollup-freebsd-x64'
115 silly reify ]
116 verbose reify failed optional dependency C:\Users\User\Documents\SoftwareDeployment\pearler_beads\node_modules\@rollup\rollup-freebsd-arm64
117 silly reify mark deleted [
117 silly reify   'C:\\Users\\User\\Documents\\SoftwareDeployment\\pearler_beads\\node_modules\\@rollup\\rollup-freebsd-arm64'
117 silly reify ]
118 verbose reify failed optional dependency C:\Users\User\Documents\SoftwareDeployment\pearler_beads\node_modules\@rollup\rollup-darwin-x64
119 silly reify mark deleted [
119 silly reify   'C:\\Users\\User\\Documents\\SoftwareDeployment\\pearler_beads\\node_modules\\@rollup\\rollup-darwin-x64'
119 silly reify ]
120 verbose reify failed optional dependency C:\Users\User\Documents\SoftwareDeployment\pearler_beads\node_modules\@rollup\rollup-darwin-arm64
121 silly reify mark deleted [
121 silly reify   'C:\\Users\\User\\Documents\\SoftwareDeployment\\pearler_beads\\node_modules\\@rollup\\rollup-darwin-arm64'
121 silly reify ]
122 verbose reify failed optional dependency C:\Users\User\Documents\SoftwareDeployment\pearler_beads\node_modules\@rollup\rollup-android-arm64
123 silly reify mark deleted [
123 silly reify   'C:\\Users\\User\\Documents\\SoftwareDeployment\\pearler_beads\\node_modules\\@rollup\\rollup-android-arm64'
123 silly reify ]
124 verbose reify failed optional dependency C:\Users\User\Documents\SoftwareDeployment\pearler_beads\node_modules\@rollup\rollup-android-arm-eabi
125 silly reify mark deleted [
125 silly reify   'C:\\Users\\User\\Documents\\SoftwareDeployment\\pearler_beads\\node_modules\\@rollup\\rollup-android-arm-eabi'
125 silly reify ]
126 verbose reify failed optional dependency C:\Users\User\Documents\SoftwareDeployment\pearler_beads\node_modules\@esbuild\win32-ia32
127 silly reify mark deleted [
127 silly reify   'C:\\Users\\User\\Documents\\SoftwareDeployment\\pearler_beads\\node_modules\\@esbuild\\win32-ia32'
127 silly reify ]
128 verbose reify failed optional dependency C:\Users\User\Documents\SoftwareDeployment\pearler_beads\node_modules\@esbuild\win32-arm64
129 silly reify mark deleted [
129 silly reify   'C:\\Users\\User\\Documents\\SoftwareDeployment\\pearler_beads\\node_modules\\@esbuild\\win32-arm64'
129 silly reify ]
130 verbose reify failed optional dependency C:\Users\User\Documents\SoftwareDeployment\pearler_beads\node_modules\@esbuild\sunos-x64
131 silly reify mark deleted [
131 silly reify   'C:\\Users\\User\\Documents\\SoftwareDeployment\\pearler_beads\\node_modules\\@esbuild\\sunos-x64'
131 silly reify ]
132 verbose reify failed optional dependency C:\Users\User\Documents\SoftwareDeployment\pearler_beads\node_modules\@esbuild\openharmony-arm64
133 silly reify mark deleted [
133 silly reify   'C:\\Users\\User\\Documents\\SoftwareDeployment\\pearler_beads\\node_modules\\@esbuild\\openharmony-arm64'
133 silly reify ]
134 verbose reify failed optional dependency C:\Users\User\Documents\SoftwareDeployment\pearler_beads\node_modules\@esbuild\openbsd-x64
135 silly reify mark deleted [
135 silly reify   'C:\\Users\\User\\Documents\\SoftwareDeployment\\pearler_beads\\node_modules\\@esbuild\\openbsd-x64'
135 silly reify ]
136 verbose reify failed optional dependency C:\Users\User\Documents\SoftwareDeployment\pearler_beads\node_modules\@esbuild\openbsd-arm64
137 silly reify mark deleted [
137 silly reify   'C:\\Users\\User\\Documents\\SoftwareDeployment\\pearler_beads\\node_modules\\@esbuild\\openbsd-arm64'
137 silly reify ]
138 verbose reify failed optional dependency C:\Users\User\Documents\SoftwareDeployment\pearler_beads\node_modules\@esbuild\netbsd-x64
139 silly reify mark deleted [
139 silly reify   'C:\\Users\\User\\Documents\\SoftwareDeployment\\pearler_beads\\node_modules\\@esbuild\\netbsd-x64'
139 silly reify ]
140 verbose reify failed optional dependency C:\Users\User\Documents\SoftwareDeployment\pearler_beads\node_modules\@esbuild\netbsd-arm64
141 silly reify mark deleted [
141 silly reify   'C:\\Users\\User\\Documents\\SoftwareDeployment\\pearler_beads\\node_modules\\@esbuild\\netbsd-arm64'
141 silly reify ]
142 verbose reify failed optional dependency C:\Users\User\Documents\SoftwareDeployment\pearler_beads\node_modules\@esbuild\linux-x64
143 silly reify mark deleted [
143 silly reify   'C:\\Users\\User\\Documents\\SoftwareDeployment\\pearler_beads\\node_modules\\@esbuild\\linux-x64'
143 silly reify ]
144 verbose reify failed optional dependency C:\Users\User\Documents\SoftwareDeployment\pearler_beads\node_modules\@esbuild\linux-s390x
145 silly reify mark deleted [
145 silly reify   'C:\\Users\\User\\Documents\\SoftwareDeployment\\pearler_beads\\node_modules\\@esbuild\\linux-s390x'
145 silly reify ]
146 verbose reify failed optional dependency C:\Users\User\Documents\SoftwareDeployment\pearler_beads\node_modules\@esbuild\linux-riscv64
147 silly reify mark deleted [
147 silly reify   'C:\\Users\\User\\Documents\\SoftwareDeployment\\pearler_beads\\node_modules\\@esbuild\\linux-riscv64'
147 silly reify ]
148 verbose reify failed optional dependency C:\Users\User\Documents\SoftwareDeployment\pearler_beads\node_modules\@esbuild\linux-ppc64
149 silly reify mark deleted [
149 silly reify   'C:\\Users\\User\\Documents\\SoftwareDeployment\\pearler_beads\\node_modules\\@esbuild\\linux-ppc64'
149 silly reify ]
150 verbose reify failed optional dependency C:\Users\User\Documents\SoftwareDeployment\pearler_beads\node_modules\@esbuild\linux-mips64el
151 silly reify mark deleted [
151 silly reify   'C:\\Users\\User\\Documents\\SoftwareDeployment\\pearler_beads\\node_modules\\@esbuild\\linux-mips64el'
151 silly reify ]
152 verbose reify failed optional dependency C:\Users\User\Documents\SoftwareDeployment\pearler_beads\node_modules\@esbuild\linux-loong64
153 silly reify mark deleted [
153 silly reify   'C:\\Users\\User\\Documents\\SoftwareDeployment\\pearler_beads\\node_modules\\@esbuild\\linux-loong64'
153 silly reify ]
154 verbose reify failed optional dependency C:\Users\User\Documents\SoftwareDeployment\pearler_beads\node_modules\@esbuild\linux-ia32
155 silly reify mark deleted [
155 silly reify   'C:\\Users\\User\\Documents\\SoftwareDeployment\\pearler_beads\\node_modules\\@esbuild\\linux-ia32'
155 silly reify ]
156 verbose reify failed optional dependency C:\Users\User\Documents\SoftwareDeployment\pearler_beads\node_modules\@esbuild\linux-arm64
157 silly reify mark deleted [
157 silly reify   'C:\\Users\\User\\Documents\\SoftwareDeployment\\pearler_beads\\node_modules\\@esbuild\\linux-arm64'
157 silly reify ]
158 verbose reify failed optional dependency C:\Users\User\Documents\SoftwareDeployment\pearler_beads\node_modules\@esbuild\linux-arm
159 silly reify mark deleted [
159 silly reify   'C:\\Users\\User\\Documents\\SoftwareDeployment\\pearler_beads\\node_modules\\@esbuild\\linux-arm'
159 silly reify ]
160 verbose reify failed optional dependency C:\Users\User\Documents\SoftwareDeployment\pearler_beads\node_modules\@esbuild\freebsd-x64
161 silly reify mark deleted [
161 silly reify   'C:\\Users\\User\\Documents\\SoftwareDeployment\\pearler_beads\\node_modules\\@esbuild\\freebsd-x64'
161 silly reify ]
162 verbose reify failed optional dependency C:\Users\User\Documents\SoftwareDeployment\pearler_beads\node_modules\@esbuild\freebsd-arm64
163 silly reify mark deleted [
163 silly reify   'C:\\Users\\User\\Documents\\SoftwareDeployment\\pearler_beads\\node_modules\\@esbuild\\freebsd-arm64'
163 silly reify ]
164 verbose reify failed optional dependency C:\Users\User\Documents\SoftwareDeployment\pearler_beads\node_modules\@esbuild\darwin-x64
165 silly reify mark deleted [
165 silly reify   'C:\\Users\\User\\Documents\\SoftwareDeployment\\pearler_beads\\node_modules\\@esbuild\\darwin-x64'
165 silly reify ]
166 verbose reify failed optional dependency C:\Users\User\Documents\SoftwareDeployment\pearler_beads\node_modules\@esbuild\darwin-arm64
167 silly reify mark deleted [
167 silly reify   'C:\\Users\\User\\Documents\\SoftwareDeployment\\pearler_beads\\node_modules\\@esbuild\\darwin-arm64'
167 silly reify ]
168 verbose reify failed optional dependency C:\Users\User\Documents\SoftwareDeployment\pearler_beads\node_modules\@esbuild\android-x64
169 silly reify mark deleted [
169 silly reify   'C:\\Users\\User\\Documents\\SoftwareDeployment\\pearler_beads\\node_modules\\@esbuild\\android-x64'
169 silly reify ]
170 verbose reify failed optional dependency C:\Users\User\Documents\SoftwareDeployment\pearler_beads\node_modules\@esbuild\android-arm64
171 silly reify mark deleted [
171 silly reify   'C:\\Users\\User\\Documents\\SoftwareDeployment\\pearler_beads\\node_modules\\@esbuild\\android-arm64'
171 silly reify ]
172 verbose reify failed optional dependency C:\Users\User\Documents\SoftwareDeployment\pearler_beads\node_modules\@esbuild\android-arm
173 silly reify mark deleted [
173 silly reify   'C:\\Users\\User\\Documents\\SoftwareDeployment\\pearler_beads\\node_modules\\@esbuild\\android-arm'
173 silly reify ]
174 verbose reify failed optional dependency C:\Users\User\Documents\SoftwareDeployment\pearler_beads\node_modules\@esbuild\aix-ppc64
175 silly reify mark deleted [
175 silly reify   'C:\\Users\\User\\Documents\\SoftwareDeployment\\pearler_beads\\node_modules\\@esbuild\\aix-ppc64'
175 silly reify ]
176 http cache vue-router@https://registry.npmjs.org/vue-router/-/vue-router-4.6.4.tgz 1ms (cache hit)
177 http cache @vue/devtools-api@https://registry.npmjs.org/@vue/devtools-api/-/devtools-api-6.6.4.tgz 0ms (cache hit)
178 silly tarball no local data for vue-router@https://registry.npmjs.org/vue-router/-/vue-router-4.6.4.tgz. Extracting by manifest.
179 silly tarball no local data for @vue/devtools-api@https://registry.npmjs.org/@vue/devtools-api/-/devtools-api-6.6.4.tgz. Extracting by manifest.
180 http fetch GET 200 https://registry.npmjs.org/vue-router/-/vue-router-4.6.4.tgz 173ms (cache miss)
181 http fetch POST 200 https://registry.npmjs.org/-/npm/v1/security/advisories/bulk 301ms
182 silly audit report {}
183 http fetch GET 200 https://registry.npmjs.org/@vue/devtools-api/-/devtools-api-6.6.4.tgz 262ms (cache miss)
184 silly ADD node_modules/@vue/devtools-api
185 silly ADD node_modules/vue-router
186 silly ADD
187 silly ADD
188 silly ADD
189 silly ADD
190 silly ADD
191 silly ADD
192 silly ADD
193 silly ADD
194 silly ADD
195 silly ADD
196 silly ADD
197 silly ADD
198 silly ADD
199 silly ADD
200 silly ADD
201 silly ADD
202 silly ADD
203 silly ADD
204 silly ADD
205 silly ADD
206 silly ADD
207 silly ADD
208 silly ADD
209 silly ADD
210 silly ADD
211 silly ADD
212 silly ADD
213 silly ADD
214 silly ADD
215 silly ADD
216 silly ADD
217 silly ADD
218 silly ADD
219 silly ADD
220 silly ADD
221 silly ADD
222 silly ADD
223 silly ADD
224 silly ADD
225 silly ADD
226 silly ADD
227 silly ADD
228 silly ADD
229 silly ADD
230 silly ADD
231 silly ADD
232 silly ADD
233 silly ADD
234 silly ADD
235 silly ADD
236 silly ADD
237 silly ADD
238 silly ADD
239 silly ADD
240 silly ADD
241 silly ADD
242 silly ADD
243 silly ADD
244 silly ADD
245 silly ADD
246 silly ADD
247 silly ADD
248 silly ADD
249 silly ADD
250 silly ADD
251 silly ADD
252 silly ADD
253 silly ADD
254 silly ADD
255 silly ADD
256 verbose cwd C:\Users\User\Documents\SoftwareDeployment\pearler_beads
257 verbose os Windows_NT 10.0.26200
258 verbose node v22.15.0
259 verbose npm  v10.9.2
260 notice
260 notice New major version of npm available! 10.9.2 -> 11.12.1
260 notice Changelog: https://github.com/npm/cli/releases/tag/v11.12.1
260 notice To update run: npm install -g npm@11.12.1
260 notice  { force: true, [Symbol(proc-log.meta)]: true }
261 verbose exit 0
262 info ok
